
> main-tms-frontend@0.1.0 build
> next build

  Γû▓ Next.js 14.2.35
  - Environments: .env.local, .env.production

   Creating an optimized production build ...
